// Jest Snapshot v1, https://goo.gl/fbAQLP

exports[`ForumView renders correctly 1`] = `
<div>
  <div
    class="forum-view"
  >
    Thread
  </div>
</div>
`;
